--
-- Tests for some likely failure cases with combo cmin/cmax mechanism
--
CREATE TEMP TABLE combocidtest (foobar int);
ERROR:  PG-XC does not yet support temporary tables
BEGIN;
-- a few dummy ops to push up the CommandId counter
INSERT INTO combocidtest SELECT 1 LIMIT 0;
ERROR:  relation "combocidtest" does not exist
LINE 1: INSERT INTO combocidtest SELECT 1 LIMIT 0;
                    ^
INSERT INTO combocidtest SELECT 1 LIMIT 0;
ERROR:  current transaction is aborted, commands ignored until end of transaction block
INSERT INTO combocidtest SELECT 1 LIMIT 0;
ERROR:  current transaction is aborted, commands ignored until end of transaction block
INSERT INTO combocidtest SELECT 1 LIMIT 0;
ERROR:  current transaction is aborted, commands ignored until end of transaction block
INSERT INTO combocidtest SELECT 1 LIMIT 0;
ERROR:  current transaction is aborted, commands ignored until end of transaction block
INSERT INTO combocidtest SELECT 1 LIMIT 0;
ERROR:  current transaction is aborted, commands ignored until end of transaction block
INSERT INTO combocidtest SELECT 1 LIMIT 0;
ERROR:  current transaction is aborted, commands ignored until end of transaction block
INSERT INTO combocidtest SELECT 1 LIMIT 0;
ERROR:  current transaction is aborted, commands ignored until end of transaction block
INSERT INTO combocidtest SELECT 1 LIMIT 0;
ERROR:  current transaction is aborted, commands ignored until end of transaction block
INSERT INTO combocidtest SELECT 1 LIMIT 0;
ERROR:  current transaction is aborted, commands ignored until end of transaction block
INSERT INTO combocidtest VALUES (1);
ERROR:  current transaction is aborted, commands ignored until end of transaction block
INSERT INTO combocidtest VALUES (2);
ERROR:  current transaction is aborted, commands ignored until end of transaction block
SELECT ctid,cmin,* FROM combocidtest ORDER BY ctid;
ERROR:  current transaction is aborted, commands ignored until end of transaction block
SAVEPOINT s1;
ERROR:  current transaction is aborted, commands ignored until end of transaction block
UPDATE combocidtest SET foobar = foobar + 10;
ERROR:  current transaction is aborted, commands ignored until end of transaction block
-- here we should see only updated tuples
SELECT ctid,cmin,* FROM combocidtest ORDER BY ctid;
ERROR:  current transaction is aborted, commands ignored until end of transaction block
ROLLBACK TO s1;
ERROR:  no such savepoint
-- now we should see old tuples, but with combo CIDs starting at 0
SELECT ctid,cmin,* FROM combocidtest ORDER BY ctid;
ERROR:  current transaction is aborted, commands ignored until end of transaction block
COMMIT;
-- combo data is not there anymore, but should still see tuples
SELECT ctid,cmin,* FROM combocidtest;
ERROR:  relation "combocidtest" does not exist
LINE 1: SELECT ctid,cmin,* FROM combocidtest;
                                ^
-- Test combo cids with portals
BEGIN;
INSERT INTO combocidtest VALUES (333);
ERROR:  relation "combocidtest" does not exist
LINE 1: INSERT INTO combocidtest VALUES (333);
                    ^
DECLARE c CURSOR FOR SELECT ctid,cmin,* FROM combocidtest ORDER BY ctid;
ERROR:  current transaction is aborted, commands ignored until end of transaction block
DELETE FROM combocidtest;
ERROR:  current transaction is aborted, commands ignored until end of transaction block
FETCH ALL FROM c;
ERROR:  current transaction is aborted, commands ignored until end of transaction block
ROLLBACK;
SELECT ctid,cmin,* FROM combocidtest ORDER BY ctid;
ERROR:  relation "combocidtest" does not exist
LINE 1: SELECT ctid,cmin,* FROM combocidtest ORDER BY ctid;
                                ^
-- check behavior with locked tuples
BEGIN;
-- a few dummy ops to push up the CommandId counter
INSERT INTO combocidtest SELECT 1 LIMIT 0;
ERROR:  relation "combocidtest" does not exist
LINE 1: INSERT INTO combocidtest SELECT 1 LIMIT 0;
                    ^
INSERT INTO combocidtest SELECT 1 LIMIT 0;
ERROR:  current transaction is aborted, commands ignored until end of transaction block
INSERT INTO combocidtest SELECT 1 LIMIT 0;
ERROR:  current transaction is aborted, commands ignored until end of transaction block
INSERT INTO combocidtest SELECT 1 LIMIT 0;
ERROR:  current transaction is aborted, commands ignored until end of transaction block
INSERT INTO combocidtest SELECT 1 LIMIT 0;
ERROR:  current transaction is aborted, commands ignored until end of transaction block
INSERT INTO combocidtest SELECT 1 LIMIT 0;
ERROR:  current transaction is aborted, commands ignored until end of transaction block
INSERT INTO combocidtest SELECT 1 LIMIT 0;
ERROR:  current transaction is aborted, commands ignored until end of transaction block
INSERT INTO combocidtest SELECT 1 LIMIT 0;
ERROR:  current transaction is aborted, commands ignored until end of transaction block
INSERT INTO combocidtest SELECT 1 LIMIT 0;
ERROR:  current transaction is aborted, commands ignored until end of transaction block
INSERT INTO combocidtest SELECT 1 LIMIT 0;
ERROR:  current transaction is aborted, commands ignored until end of transaction block
INSERT INTO combocidtest VALUES (444);
ERROR:  current transaction is aborted, commands ignored until end of transaction block
SELECT ctid,cmin,* FROM combocidtest ORDER BY ctid;
ERROR:  current transaction is aborted, commands ignored until end of transaction block
SAVEPOINT s1;
ERROR:  current transaction is aborted, commands ignored until end of transaction block
-- this doesn't affect cmin
SELECT ctid,cmin,* FROM combocidtest FOR UPDATE;
ERROR:  current transaction is aborted, commands ignored until end of transaction block
SELECT ctid,cmin,* FROM combocidtest ORDER BY ctid;
ERROR:  current transaction is aborted, commands ignored until end of transaction block
-- but this does
UPDATE combocidtest SET foobar = foobar + 10;
ERROR:  current transaction is aborted, commands ignored until end of transaction block
SELECT ctid,cmin,* FROM combocidtest ORDER BY ctid;
ERROR:  current transaction is aborted, commands ignored until end of transaction block
ROLLBACK TO s1;
ERROR:  no such savepoint
SELECT ctid,cmin,* FROM combocidtest ORDER BY ctid;
ERROR:  current transaction is aborted, commands ignored until end of transaction block
COMMIT;
SELECT ctid,cmin,* FROM combocidtest ORDER BY ctid;
ERROR:  relation "combocidtest" does not exist
LINE 1: SELECT ctid,cmin,* FROM combocidtest ORDER BY ctid;
                                ^
