CREATE TABLE delete_test (
    id SERIAL PRIMARY KEY,
    a INT
);
ERROR:  Postgres-XC does not support SERIAL yet
DETAIL:  The feature is not currently supported
INSERT INTO delete_test (a) VALUES (10);
ERROR:  relation "delete_test" does not exist
LINE 1: INSERT INTO delete_test (a) VALUES (10);
                    ^
INSERT INTO delete_test (a) VALUES (50);
ERROR:  relation "delete_test" does not exist
LINE 1: INSERT INTO delete_test (a) VALUES (50);
                    ^
INSERT INTO delete_test (a) VALUES (100);
ERROR:  relation "delete_test" does not exist
LINE 1: INSERT INTO delete_test (a) VALUES (100);
                    ^
-- allow an alias to be specified for DELETE's target table
DELETE FROM delete_test AS dt WHERE dt.a > 75;
ERROR:  relation "delete_test" does not exist
LINE 1: DELETE FROM delete_test AS dt WHERE dt.a > 75;
                    ^
-- if an alias is specified, don't allow the original table name
-- to be referenced
DELETE FROM delete_test dt WHERE delete_test.a > 25;
ERROR:  relation "delete_test" does not exist
LINE 1: DELETE FROM delete_test dt WHERE delete_test.a > 25;
                    ^
SELECT * FROM delete_test;
ERROR:  relation "delete_test" does not exist
LINE 1: SELECT * FROM delete_test;
                      ^
DROP TABLE delete_test ORDER BY id;
ERROR:  syntax error at or near "ORDER"
LINE 1: DROP TABLE delete_test ORDER BY id;
                               ^
