--
-- PORTALS_P2
--
BEGIN;
DECLARE foo13 CURSOR FOR 
   SELECT * FROM onek WHERE unique1 = 50;
DECLARE foo14 CURSOR FOR 
   SELECT * FROM onek WHERE unique1 = 51;
DECLARE foo15 CURSOR FOR 
   SELECT * FROM onek WHERE unique1 = 52;
DECLARE foo16 CURSOR FOR 
   SELECT * FROM onek WHERE unique1 = 53;
DECLARE foo17 CURSOR FOR 
   SELECT * FROM onek WHERE unique1 = 54;
DECLARE foo18 CURSOR FOR 
   SELECT * FROM onek WHERE unique1 = 55;
DECLARE foo19 CURSOR FOR 
   SELECT * FROM onek WHERE unique1 = 56;
DECLARE foo20 CURSOR FOR 
   SELECT * FROM onek WHERE unique1 = 57;
DECLARE foo21 CURSOR FOR 
   SELECT * FROM onek WHERE unique1 = 58;
DECLARE foo22 CURSOR FOR 
   SELECT * FROM onek WHERE unique1 = 59;
DECLARE foo23 CURSOR FOR 
   SELECT * FROM onek WHERE unique1 = 60;
DECLARE foo24 CURSOR FOR 
   SELECT * FROM onek2 WHERE unique1 = 50;
ERROR:  relation "onek2" does not exist
LINE 2:    SELECT * FROM onek2 WHERE unique1 = 50;
                         ^
DECLARE foo25 CURSOR FOR 
   SELECT * FROM onek2 WHERE unique1 = 60;
ERROR:  current transaction is aborted, commands ignored until end of transaction block
FETCH all in foo13;
ERROR:  current transaction is aborted, commands ignored until end of transaction block
FETCH all in foo14;
ERROR:  current transaction is aborted, commands ignored until end of transaction block
FETCH all in foo15;
ERROR:  current transaction is aborted, commands ignored until end of transaction block
FETCH all in foo16;
ERROR:  current transaction is aborted, commands ignored until end of transaction block
FETCH all in foo17;
ERROR:  current transaction is aborted, commands ignored until end of transaction block
FETCH all in foo18;
ERROR:  current transaction is aborted, commands ignored until end of transaction block
FETCH all in foo19;
ERROR:  current transaction is aborted, commands ignored until end of transaction block
FETCH all in foo20;
ERROR:  current transaction is aborted, commands ignored until end of transaction block
FETCH all in foo21;
ERROR:  current transaction is aborted, commands ignored until end of transaction block
FETCH all in foo22;
ERROR:  current transaction is aborted, commands ignored until end of transaction block
FETCH all in foo23;
ERROR:  current transaction is aborted, commands ignored until end of transaction block
FETCH all in foo24;
ERROR:  current transaction is aborted, commands ignored until end of transaction block
FETCH all in foo25;
ERROR:  current transaction is aborted, commands ignored until end of transaction block
CLOSE foo13;
ERROR:  current transaction is aborted, commands ignored until end of transaction block
CLOSE foo14;
ERROR:  current transaction is aborted, commands ignored until end of transaction block
CLOSE foo15;
ERROR:  current transaction is aborted, commands ignored until end of transaction block
CLOSE foo16;
ERROR:  current transaction is aborted, commands ignored until end of transaction block
CLOSE foo17;
ERROR:  current transaction is aborted, commands ignored until end of transaction block
CLOSE foo18;
ERROR:  current transaction is aborted, commands ignored until end of transaction block
CLOSE foo19;
ERROR:  current transaction is aborted, commands ignored until end of transaction block
CLOSE foo20;
ERROR:  current transaction is aborted, commands ignored until end of transaction block
CLOSE foo21;
ERROR:  current transaction is aborted, commands ignored until end of transaction block
CLOSE foo22;
ERROR:  current transaction is aborted, commands ignored until end of transaction block
CLOSE foo23;
ERROR:  current transaction is aborted, commands ignored until end of transaction block
CLOSE foo24;
ERROR:  current transaction is aborted, commands ignored until end of transaction block
CLOSE foo25;
ERROR:  current transaction is aborted, commands ignored until end of transaction block
END;
