-- Regression tests for prepareable statements. We query the content
-- of the pg_prepared_statements view as prepared statements are
-- created and removed.
SELECT name, statement, parameter_types FROM pg_prepared_statements;
 name | statement | parameter_types 
------+-----------+-----------------
(0 rows)

PREPARE q1 AS SELECT 1 AS a;
ERROR:  Postgres-XC does not support PREPARE yet
DETAIL:  The feature is not currently supported
EXECUTE q1;
ERROR:  Postgres-XC does not support EXECUTE yet
DETAIL:  The feature is not currently supported
SELECT name, statement, parameter_types FROM pg_prepared_statements;
 name | statement | parameter_types 
------+-----------+-----------------
(0 rows)

-- should fail
PREPARE q1 AS SELECT 2;
ERROR:  Postgres-XC does not support PREPARE yet
DETAIL:  The feature is not currently supported
-- should succeed
DEALLOCATE q1;
ERROR:  prepared statement "q1" does not exist
PREPARE q1 AS SELECT 2;
ERROR:  Postgres-XC does not support PREPARE yet
DETAIL:  The feature is not currently supported
EXECUTE q1;
ERROR:  Postgres-XC does not support EXECUTE yet
DETAIL:  The feature is not currently supported
PREPARE q2 AS SELECT 2 AS b;
ERROR:  Postgres-XC does not support PREPARE yet
DETAIL:  The feature is not currently supported
SELECT name, statement, parameter_types FROM pg_prepared_statements ORDER BY name;
 name | statement | parameter_types 
------+-----------+-----------------
(0 rows)

-- sql92 syntax
DEALLOCATE PREPARE q1;
ERROR:  prepared statement "q1" does not exist
SELECT name, statement, parameter_types FROM pg_prepared_statements;
 name | statement | parameter_types 
------+-----------+-----------------
(0 rows)

DEALLOCATE PREPARE q2;
ERROR:  prepared statement "q2" does not exist
-- the view should return the empty set again
SELECT name, statement, parameter_types FROM pg_prepared_statements;
 name | statement | parameter_types 
------+-----------+-----------------
(0 rows)

-- parameterized queries
PREPARE q2(text) AS
	SELECT datname, datistemplate, datallowconn
	FROM pg_database WHERE datname = $1;
ERROR:  Postgres-XC does not support PREPARE yet
DETAIL:  The feature is not currently supported
EXECUTE q2('postgres');
ERROR:  Postgres-XC does not support EXECUTE yet
DETAIL:  The feature is not currently supported
PREPARE q3(text, int, float, boolean, oid, smallint) AS
	SELECT * FROM tenk1 WHERE string4 = $1 AND (four = $2 OR
	ten = $3::bigint OR true = $4 OR oid = $5 OR odd = $6::int)
	ORDER BY unique1;
ERROR:  Postgres-XC does not support PREPARE yet
DETAIL:  The feature is not currently supported
EXECUTE q3('AAAAxx', 5::smallint, 10.5::float, false, 500::oid, 4::bigint);
ERROR:  Postgres-XC does not support EXECUTE yet
DETAIL:  The feature is not currently supported
-- too few params
EXECUTE q3('bool');
ERROR:  Postgres-XC does not support EXECUTE yet
DETAIL:  The feature is not currently supported
-- too many params
EXECUTE q3('bytea', 5::smallint, 10.5::float, false, 500::oid, 4::bigint, true);
ERROR:  Postgres-XC does not support EXECUTE yet
DETAIL:  The feature is not currently supported
-- wrong param types
EXECUTE q3(5::smallint, 10.5::float, false, 500::oid, 4::bigint, 'bytea');
ERROR:  Postgres-XC does not support EXECUTE yet
DETAIL:  The feature is not currently supported
-- invalid type
PREPARE q4(nonexistenttype) AS SELECT $1;
ERROR:  Postgres-XC does not support PREPARE yet
DETAIL:  The feature is not currently supported
-- create table as execute
PREPARE q5(int, text) AS
	SELECT * FROM tenk1 WHERE unique1 = $1 OR stringu1 = $2
	ORDER BY unique1;
ERROR:  Postgres-XC does not support PREPARE yet
DETAIL:  The feature is not currently supported
CREATE TEMPORARY TABLE q5_prep_results AS EXECUTE q5(200, 'DTAAAA');
ERROR:  Postgres-XC does not support EXECUTE yet
DETAIL:  The feature is not currently supported
SELECT * FROM q5_prep_results;
ERROR:  relation "q5_prep_results" does not exist
LINE 1: SELECT * FROM q5_prep_results;
                      ^
-- unknown or unspecified parameter types: should succeed
PREPARE q6 AS
    SELECT * FROM tenk1 WHERE unique1 = $1 AND stringu1 = $2;
ERROR:  Postgres-XC does not support PREPARE yet
DETAIL:  The feature is not currently supported
PREPARE q7(unknown) AS
    SELECT * FROM road WHERE thepath = $1;
ERROR:  Postgres-XC does not support PREPARE yet
DETAIL:  The feature is not currently supported
SELECT name, statement, parameter_types FROM pg_prepared_statements
    ORDER BY name;
 name | statement | parameter_types 
------+-----------+-----------------
(0 rows)

-- test DEALLOCATE ALL;
DEALLOCATE ALL;
SELECT name, statement, parameter_types FROM pg_prepared_statements
    ORDER BY name;
 name | statement | parameter_types 
------+-----------+-----------------
(0 rows)

